// Jest Snapshot v1, https://goo.gl/fbAQLP

exports[`ReAuthenticateDialog test dialog presence 1`] = `
<div
  aria-hidden="true"
/>
`;
